// Jest Snapshot v1, https://goo.gl/fbAQLP

exports[`Manage Roles page view users page matches Snapshot 1`] = `
Object {
  "asFragment": [Function],
  "baseElement": <body>
    <div>
      <nav
        aria-label="Back"
        class="breadcrumb"
      >
        <ol
          class="breadcrumb__items u-fs-s"
        >
          <li
            class="breadcrumb__item"
            id="breadcrumb-1"
          >
            <a
              class="breadcrumb__link"
              href="/"
              id="back"
            >
              Home
            </a>
            <svg
              class="svg-icon"
              focusable="false"
              viewBox="0 0 8 13"
              xmlns="http://www.w3.org/2000/svg"
            >
              <path
                d="M5.74,14.28l-.57-.56a.5.5,0,0,1,0-.71h0l5-5-5-5a.5.5,0,0,1,0-.71h0l.57-.56a.5.5,0,0,1,.71,0h0l5.93,5.93a.5.5,0,0,1,0,.7L6.45,14.28a.5.5,0,0,1-.71,0Z"
                transform="translate(-5.02 -1.59)"
              />
            </svg>
          </li>
        </ol>
      </nav>
      <main
        class="page__main u-mt-no"
        id="main-content"
      >
        <h1
          class="u-mb-l"
        >
          Manage roles
        </h1>
        <ul
          class="list list--bare list--inline "
        >
          <li
            class="list__item "
          >
            <a
              href="/roles/new"
            >
              Create new role
            </a>
          </li>
        </ul>
        <table
          class="table u-mt-m"
          id="roles-table"
        >
          <thead
            class="table__head"
          >
            <tr
              class="table__row"
            >
              <th
                class="table__header "
                scope="col"
              >
                <span>
                  Name
                </span>
              </th>
              <th
                class="table__header "
                scope="col"
              >
                <span>
                  Description
                </span>
              </th>
              <th
                class="table__header "
                scope="col"
              >
                <span>
                  Number of permissions
                </span>
              </th>
            </tr>
          </thead>
          <tbody
            class="table__body"
          >
            <tr
              class="table__row"
              data-testid="user-table-row"
            >
              <td
                class="table__cell "
              >
                DST
              </td>
              <td
                class="table__cell "
              >
                A role
              </td>
              <td
                class="table__cell "
              >
                2
              </td>
            </tr>
            <tr
              class="table__row"
              data-testid="user-table-row"
            >
              <td
                class="table__cell "
              >
                BDSS
              </td>
              <td
                class="table__cell "
              >
                Another role
              </td>
              <td
                class="table__cell "
              >
                1
              </td>
            </tr>
          </tbody>
        </table>
      </main>
    </div>
  </body>,
  "container": <div>
    <nav
      aria-label="Back"
      class="breadcrumb"
    >
      <ol
        class="breadcrumb__items u-fs-s"
      >
        <li
          class="breadcrumb__item"
          id="breadcrumb-1"
        >
          <a
            class="breadcrumb__link"
            href="/"
            id="back"
          >
            Home
          </a>
          <svg
            class="svg-icon"
            focusable="false"
            viewBox="0 0 8 13"
            xmlns="http://www.w3.org/2000/svg"
          >
            <path
              d="M5.74,14.28l-.57-.56a.5.5,0,0,1,0-.71h0l5-5-5-5a.5.5,0,0,1,0-.71h0l.57-.56a.5.5,0,0,1,.71,0h0l5.93,5.93a.5.5,0,0,1,0,.7L6.45,14.28a.5.5,0,0,1-.71,0Z"
              transform="translate(-5.02 -1.59)"
            />
          </svg>
        </li>
      </ol>
    </nav>
    <main
      class="page__main u-mt-no"
      id="main-content"
    >
      <h1
        class="u-mb-l"
      >
        Manage roles
      </h1>
      <ul
        class="list list--bare list--inline "
      >
        <li
          class="list__item "
        >
          <a
            href="/roles/new"
          >
            Create new role
          </a>
        </li>
      </ul>
      <table
        class="table u-mt-m"
        id="roles-table"
      >
        <thead
          class="table__head"
        >
          <tr
            class="table__row"
          >
            <th
              class="table__header "
              scope="col"
            >
              <span>
                Name
              </span>
            </th>
            <th
              class="table__header "
              scope="col"
            >
              <span>
                Description
              </span>
            </th>
            <th
              class="table__header "
              scope="col"
            >
              <span>
                Number of permissions
              </span>
            </th>
          </tr>
        </thead>
        <tbody
          class="table__body"
        >
          <tr
            class="table__row"
            data-testid="user-table-row"
          >
            <td
              class="table__cell "
            >
              DST
            </td>
            <td
              class="table__cell "
            >
              A role
            </td>
            <td
              class="table__cell "
            >
              2
            </td>
          </tr>
          <tr
            class="table__row"
            data-testid="user-table-row"
          >
            <td
              class="table__cell "
            >
              BDSS
            </td>
            <td
              class="table__cell "
            >
              Another role
            </td>
            <td
              class="table__cell "
            >
              1
            </td>
          </tr>
        </tbody>
      </table>
    </main>
  </div>,
  "debug": [Function],
  "findAllByAltText": [Function],
  "findAllByDisplayValue": [Function],
  "findAllByLabelText": [Function],
  "findAllByPlaceholderText": [Function],
  "findAllByRole": [Function],
  "findAllByTestId": [Function],
  "findAllByText": [Function],
  "findAllByTitle": [Function],
  "findByAltText": [Function],
  "findByDisplayValue": [Function],
  "findByLabelText": [Function],
  "findByPlaceholderText": [Function],
  "findByRole": [Function],
  "findByTestId": [Function],
  "findByText": [Function],
  "findByTitle": [Function],
  "getAllByAltText": [Function],
  "getAllByDisplayValue": [Function],
  "getAllByLabelText": [Function],
  "getAllByPlaceholderText": [Function],
  "getAllByRole": [Function],
  "getAllByTestId": [Function],
  "getAllByText": [Function],
  "getAllByTitle": [Function],
  "getByAltText": [Function],
  "getByDisplayValue": [Function],
  "getByLabelText": [Function],
  "getByPlaceholderText": [Function],
  "getByRole": [Function],
  "getByTestId": [Function],
  "getByText": [Function],
  "getByTitle": [Function],
  "queryAllByAltText": [Function],
  "queryAllByDisplayValue": [Function],
  "queryAllByLabelText": [Function],
  "queryAllByPlaceholderText": [Function],
  "queryAllByRole": [Function],
  "queryAllByTestId": [Function],
  "queryAllByText": [Function],
  "queryAllByTitle": [Function],
  "queryByAltText": [Function],
  "queryByDisplayValue": [Function],
  "queryByLabelText": [Function],
  "queryByPlaceholderText": [Function],
  "queryByRole": [Function],
  "queryByTestId": [Function],
  "queryByText": [Function],
  "queryByTitle": [Function],
  "rerender": [Function],
  "unmount": [Function],
}
`;
